nohup: ignoring input
[485] ERR s3://fcp-indi/data/Projects/ABIDE2/Outputs/fmriprep/fmriprep/sub-29589/ses-1/func/sub-29589_ses-1_task-rest_run-2 :: Missing required confounds TSV for run base sub-29589_ses-1_task-rest_run-2 under s3://fcp-indi/data/Projects/ABIDE2/Outputs/fmriprep/fmriprep/sub-29589/ses-1/func
[769] ERR s3://fcp-indi/data/Projects/ABIDE2/Outputs/fmriprep/fmriprep/sub-51298/ses-1/func/sub-51298_ses-1_task-rest_run-1 :: Missing required confounds TSV for run base sub-51298_ses-1_task-rest_run-1 under s3://fcp-indi/data/Projects/ABIDE2/Outputs/fmriprep/fmriprep/sub-51298/ses-1/func
[770] ERR s3://fcp-indi/data/Projects/ABIDE2/Outputs/fmriprep/fmriprep/sub-51298/ses-2/func/sub-51298_ses-2_task-rest_run-1 :: Missing required confounds TSV for run base sub-51298_ses-2_task-rest_run-1 under s3://fcp-indi/data/Projects/ABIDE2/Outputs/fmriprep/fmriprep/sub-51298/ses-2/func
[771] ERR s3://fcp-indi/data/Projects/ABIDE2/Outputs/fmriprep/fmriprep/sub-51307/ses-1/func/sub-51307_ses-1_task-rest_run-1 :: Missing required confounds TSV for run base sub-51307_ses-1_task-rest_run-1 under s3://fcp-indi/data/Projects/ABIDE2/Outputs/fmriprep/fmriprep/sub-51307/ses-1/func
[772] ERR s3://fcp-indi/data/Projects/ABIDE2/Outputs/fmriprep/fmriprep/sub-51307/ses-2/func/sub-51307_ses-2_task-rest_run-1 :: Missing required confounds TSV for run base sub-51307_ses-2_task-rest_run-1 under s3://fcp-indi/data/Projects/ABIDE2/Outputs/fmriprep/fmriprep/sub-51307/ses-2/func
[1] OK  UNKNOWN_sub-28743_ses-1_run-1
[2] OK  UNKNOWN_sub-28746_ses-1_run-1
[3] OK  UNKNOWN_sub-28747_ses-1_run-1
[4] OK  UNKNOWN_sub-28748_ses-1_run-1
[5] OK  UNKNOWN_sub-28749_ses-1_run-1
[6] OK  UNKNOWN_sub-28750_ses-1_run-1
[7] OK  UNKNOWN_sub-28752_ses-1_run-1
[8] OK  UNKNOWN_sub-28753_ses-1_run-1
[9] OK  UNKNOWN_sub-28754_ses-1_run-1
[10] OK  UNKNOWN_sub-28760_ses-1_run-1
[11] OK  UNKNOWN_sub-28784_ses-1_run-1
[12] OK  UNKNOWN_sub-28785_ses-1_run-1
[13] OK  UNKNOWN_sub-28787_ses-1_run-1
[14] OK  UNKNOWN_sub-28790_ses-1_run-1
[15] OK  UNKNOWN_sub-28791_ses-1_run-1
[16] OK  UNKNOWN_sub-28792_ses-1_run-1
[17] OK  UNKNOWN_sub-28795_ses-1_run-1
[18] OK  UNKNOWN_sub-28797_ses-1_run-1
[19] OK  UNKNOWN_sub-28798_ses-1_run-1
[20] OK  UNKNOWN_sub-28800_ses-1_run-1
[21] OK  UNKNOWN_sub-28801_ses-1_run-1
[22] OK  UNKNOWN_sub-28803_ses-1_run-1
[23] OK  UNKNOWN_sub-28804_ses-1_run-1
[24] OK  UNKNOWN_sub-28805_ses-1_run-1
[25] OK  UNKNOWN_sub-28806_ses-1_run-1
[26] OK  UNKNOWN_sub-28807_ses-1_run-1
[27] OK  UNKNOWN_sub-28808_ses-1_run-1
[28] OK  UNKNOWN_sub-28809_ses-1_run-1
[29] OK  UNKNOWN_sub-28810_ses-1_run-1
[30] OK  UNKNOWN_sub-28811_ses-1_run-1
[31] OK  UNKNOWN_sub-28812_ses-1_run-1
[32] OK  UNKNOWN_sub-28814_ses-1_run-1
[33] OK  UNKNOWN_sub-28815_ses-1_run-1
[34] OK  UNKNOWN_sub-28817_ses-1_run-1
[35] OK  UNKNOWN_sub-28819_ses-1_run-1
[36] OK  UNKNOWN_sub-28820_ses-1_run-1
[37] OK  UNKNOWN_sub-28821_ses-1_run-1
[38] OK  UNKNOWN_sub-28822_ses-1_run-1
[39] OK  UNKNOWN_sub-28824_ses-1_run-1
[40] OK  UNKNOWN_sub-28825_ses-1_run-1
[41] OK  UNKNOWN_sub-28826_ses-1_run-1
[42] OK  UNKNOWN_sub-28827_ses-1_run-1
[43] OK  UNKNOWN_sub-28828_ses-1_run-1
[44] OK  UNKNOWN_sub-28829_ses-1_run-1
[45] OK  UNKNOWN_sub-28830_ses-1_run-1
[46] OK  UNKNOWN_sub-28831_ses-1_run-1
[47] OK  UNKNOWN_sub-28834_ses-1_run-1
[48] OK  UNKNOWN_sub-28835_ses-1_run-1
[49] OK  UNKNOWN_sub-28836_ses-1_run-1
[50] OK  UNKNOWN_sub-28837_ses-1_run-1
[51] OK  UNKNOWN_sub-28838_ses-1_run-1
[52] OK  UNKNOWN_sub-28840_ses-1_run-1
[53] OK  UNKNOWN_sub-28841_ses-1_run-1
[54] OK  UNKNOWN_sub-28842_ses-1_run-1
[55] OK  UNKNOWN_sub-28844_ses-1_run-1
[56] OK  UNKNOWN_sub-28845_ses-1_run-1
[57] OK  UNKNOWN_sub-28846_ses-1_run-1
[58] OK  UNKNOWN_sub-28847_ses-1_run-1
[59] OK  UNKNOWN_sub-28920_ses-1_run-1
[60] OK  UNKNOWN_sub-28920_ses-1_run-2
[61] OK  UNKNOWN_sub-28920_ses-1_run-3
[62] OK  UNKNOWN_sub-28924_ses-1_run-1
[63] OK  UNKNOWN_sub-28924_ses-1_run-2
[64] OK  UNKNOWN_sub-28924_ses-1_run-3
[65] OK  UNKNOWN_sub-28925_ses-1_run-1
[66] OK  UNKNOWN_sub-28925_ses-1_run-2
[67] OK  UNKNOWN_sub-28925_ses-1_run-3
[68] OK  UNKNOWN_sub-28931_ses-1_run-1
[69] OK  UNKNOWN_sub-28931_ses-1_run-2
[70] OK  UNKNOWN_sub-28931_ses-1_run-3
[71] OK  UNKNOWN_sub-28933_ses-1_run-1
[72] OK  UNKNOWN_sub-28933_ses-1_run-2
[73] OK  UNKNOWN_sub-28933_ses-1_run-3
[74] OK  UNKNOWN_sub-28934_ses-1_run-1
[75] OK  UNKNOWN_sub-28934_ses-1_run-2
[76] OK  UNKNOWN_sub-28934_ses-1_run-3
[77] OK  UNKNOWN_sub-28935_ses-1_run-1
[78] OK  UNKNOWN_sub-28935_ses-1_run-2
[79] OK  UNKNOWN_sub-28935_ses-1_run-3
[80] OK  UNKNOWN_sub-28937_ses-1_run-1
[81] OK  UNKNOWN_sub-28937_ses-1_run-2
[82] OK  UNKNOWN_sub-28937_ses-1_run-3
[83] OK  UNKNOWN_sub-28939_ses-1_run-1
[84] OK  UNKNOWN_sub-28939_ses-1_run-2
[85] OK  UNKNOWN_sub-28939_ses-1_run-3
[86] OK  UNKNOWN_sub-28940_ses-1_run-1
[87] OK  UNKNOWN_sub-28940_ses-1_run-2
[88] OK  UNKNOWN_sub-28940_ses-1_run-3
[89] OK  UNKNOWN_sub-28943_ses-1_run-1
[90] OK  UNKNOWN_sub-28943_ses-1_run-2
[91] OK  UNKNOWN_sub-28943_ses-1_run-3
[92] OK  UNKNOWN_sub-28945_ses-1_run-1
[93] OK  UNKNOWN_sub-28945_ses-1_run-2
[94] OK  UNKNOWN_sub-28945_ses-1_run-3
[95] OK  UNKNOWN_sub-28946_ses-1_run-1
[96] OK  UNKNOWN_sub-28946_ses-1_run-2
[97] OK  UNKNOWN_sub-28946_ses-1_run-3
[98] OK  UNKNOWN_sub-28949_ses-1_run-1
[99] OK  UNKNOWN_sub-28949_ses-1_run-2
[100] OK  UNKNOWN_sub-28949_ses-1_run-3
[101] OK  UNKNOWN_sub-28956_ses-1_run-1
[102] OK  UNKNOWN_sub-28956_ses-1_run-2
[103] OK  UNKNOWN_sub-28956_ses-1_run-3
[104] OK  UNKNOWN_sub-28963_ses-1_run-1
[105] OK  UNKNOWN_sub-28963_ses-1_run-2
[106] OK  UNKNOWN_sub-28963_ses-1_run-3
[107] OK  UNKNOWN_sub-28969_ses-1_run-1
[108] OK  UNKNOWN_sub-28969_ses-1_run-2
[109] OK  UNKNOWN_sub-28969_ses-1_run-3
[110] OK  UNKNOWN_sub-28971_ses-1_run-1
[111] OK  UNKNOWN_sub-28971_ses-1_run-2
[112] OK  UNKNOWN_sub-28971_ses-1_run-3
[113] OK  UNKNOWN_sub-28976_ses-1_run-1
[114] OK  UNKNOWN_sub-28976_ses-1_run-2
[115] OK  UNKNOWN_sub-28976_ses-1_run-3
[116] OK  UNKNOWN_sub-28977_ses-1_run-1
[117] OK  UNKNOWN_sub-28977_ses-1_run-2
[118] OK  UNKNOWN_sub-28977_ses-1_run-3
[119] OK  UNKNOWN_sub-28980_ses-1_run-1
[120] OK  UNKNOWN_sub-28980_ses-1_run-2
[121] OK  UNKNOWN_sub-28980_ses-1_run-3
[122] OK  UNKNOWN_sub-28983_ses-1_run-1
[123] OK  UNKNOWN_sub-28983_ses-1_run-2
[124] OK  UNKNOWN_sub-28983_ses-1_run-3
[125] OK  UNKNOWN_sub-28984_ses-1_run-1
[126] OK  UNKNOWN_sub-28984_ses-1_run-2
[127] OK  UNKNOWN_sub-28984_ses-1_run-3
[128] OK  UNKNOWN_sub-28992_ses-1_run-1
[129] OK  UNKNOWN_sub-28992_ses-1_run-2
[130] OK  UNKNOWN_sub-28992_ses-1_run-3
[131] OK  UNKNOWN_sub-28995_ses-1_run-1
[132] OK  UNKNOWN_sub-28995_ses-1_run-2
[133] OK  UNKNOWN_sub-28995_ses-1_run-3
[134] OK  UNKNOWN_sub-28999_ses-1_run-1
[135] OK  UNKNOWN_sub-28999_ses-1_run-2
[136] OK  UNKNOWN_sub-28999_ses-1_run-3
[137] OK  UNKNOWN_sub-29000_ses-1_run-1
[138] OK  UNKNOWN_sub-29000_ses-1_run-2
[139] OK  UNKNOWN_sub-29000_ses-1_run-3
[140] OK  UNKNOWN_sub-29003_ses-1_run-1
[141] OK  UNKNOWN_sub-29003_ses-1_run-2
[142] OK  UNKNOWN_sub-29003_ses-1_run-3
[143] OK  UNKNOWN_sub-29004_ses-1_run-1
[144] OK  UNKNOWN_sub-29004_ses-1_run-2
[145] OK  UNKNOWN_sub-29004_ses-1_run-3
[146] OK  UNKNOWN_sub-29006_ses-1_run-1
[147] OK  UNKNOWN_sub-29007_ses-1_run-1
[148] OK  UNKNOWN_sub-29008_ses-1_run-1
[149] OK  UNKNOWN_sub-29009_ses-1_run-1
[150] OK  UNKNOWN_sub-29010_ses-1_run-1
[151] OK  UNKNOWN_sub-29011_ses-1_run-1
[152] OK  UNKNOWN_sub-29012_ses-1_run-1
[153] OK  UNKNOWN_sub-29013_ses-1_run-1
[154] OK  UNKNOWN_sub-29014_ses-1_run-1
[155] OK  UNKNOWN_sub-29028_ses-1_run-1
[156] OK  UNKNOWN_sub-29039_ses-1_run-1
[157] OK  UNKNOWN_sub-29040_ses-1_run-1
[158] OK  UNKNOWN_sub-29057_ses-1_run-1
[159] OK  UNKNOWN_sub-29058_ses-1_run-1
[160] OK  UNKNOWN_sub-29059_ses-1_run-1
[161] OK  UNKNOWN_sub-29060_ses-1_run-1
[162] OK  UNKNOWN_sub-29064_ses-1_run-1
[163] OK  UNKNOWN_sub-29065_ses-1_run-1
[164] OK  UNKNOWN_sub-29066_ses-1_run-1
[165] OK  UNKNOWN_sub-29067_ses-1_run-1
[166] OK  UNKNOWN_sub-29068_ses-1_run-1
[167] OK  UNKNOWN_sub-29069_ses-1_run-1
[168] OK  UNKNOWN_sub-29071_ses-1_run-1
[169] OK  UNKNOWN_sub-29073_ses-1_run-1
[170] OK  UNKNOWN_sub-29074_ses-1_run-1
[171] OK  UNKNOWN_sub-29076_ses-1_run-1
[172] OK  UNKNOWN_sub-29077_ses-1_run-1
[173] OK  UNKNOWN_sub-29078_ses-1_run-1
[174] OK  UNKNOWN_sub-29079_ses-1_run-1
[175] OK  UNKNOWN_sub-29080_ses-1_run-1
[176] OK  UNKNOWN_sub-29081_ses-1_run-1
[177] OK  UNKNOWN_sub-29082_ses-1_run-1
[178] OK  UNKNOWN_sub-29084_ses-1_run-1
[179] OK  UNKNOWN_sub-29086_ses-1_run-1
[180] OK  UNKNOWN_sub-29087_ses-1_run-1
[181] OK  UNKNOWN_sub-29088_ses-1_run-1
[182] OK  UNKNOWN_sub-29089_ses-1_run-1
[183] OK  UNKNOWN_sub-29090_ses-1_run-1
[184] OK  UNKNOWN_sub-29091_ses-1_run-1
[185] OK  UNKNOWN_sub-29092_ses-1_run-1
[186] OK  UNKNOWN_sub-29093_ses-1_run-1
[187] OK  UNKNOWN_sub-29094_ses-1_run-1
[188] OK  UNKNOWN_sub-29096_ses-1_run-1
[189] OK  UNKNOWN_sub-29097_ses-1_run-1
[190] OK  UNKNOWN_sub-29098_ses-1_run-1
[191] OK  UNKNOWN_sub-29099_ses-1_run-1
[192] OK  UNKNOWN_sub-29100_ses-1_run-1
[193] OK  UNKNOWN_sub-29101_ses-1_run-1
[194] OK  UNKNOWN_sub-29102_ses-1_run-1
[195] OK  UNKNOWN_sub-29103_ses-1_run-1
[196] OK  UNKNOWN_sub-29104_ses-1_run-1
[197] OK  UNKNOWN_sub-29105_ses-1_run-1
[198] OK  UNKNOWN_sub-29106_ses-1_run-1
[199] OK  UNKNOWN_sub-29107_ses-1_run-1
[200] OK  UNKNOWN_sub-29108_ses-1_run-1
[201] OK  UNKNOWN_sub-29109_ses-1_run-1
[202] OK  UNKNOWN_sub-29110_ses-1_run-1
[203] OK  UNKNOWN_sub-29111_ses-1_run-1
[204] OK  UNKNOWN_sub-29112_ses-1_run-1
[205] OK  UNKNOWN_sub-29113_ses-1_run-1
[206] OK  UNKNOWN_sub-29114_ses-1_run-1
[207] OK  UNKNOWN_sub-29115_ses-1_run-1
[208] OK  UNKNOWN_sub-29116_ses-1_run-1
[209] OK  UNKNOWN_sub-29117_ses-1_run-1
[210] OK  UNKNOWN_sub-29118_ses-1_run-1
[211] OK  UNKNOWN_sub-29119_ses-1_run-1
[212] OK  UNKNOWN_sub-29120_ses-1_run-1
[213] OK  UNKNOWN_sub-29121_ses-1_run-1
[214] OK  UNKNOWN_sub-29122_ses-1_run-1
[215] OK  UNKNOWN_sub-29123_ses-1_run-1
[216] OK  UNKNOWN_sub-29124_ses-1_run-1
[217] OK  UNKNOWN_sub-29125_ses-1_run-1
[218] OK  UNKNOWN_sub-29126_ses-1_run-1
[219] OK  UNKNOWN_sub-29127_ses-1_run-1
[220] OK  UNKNOWN_sub-29128_ses-1_run-1
[221] OK  UNKNOWN_sub-29129_ses-1_run-1
[222] OK  UNKNOWN_sub-29130_ses-1_run-1
[223] OK  UNKNOWN_sub-29131_ses-1_run-1
[224] OK  UNKNOWN_sub-29132_ses-1_run-1
[225] OK  UNKNOWN_sub-29133_ses-1_run-1
[226] OK  UNKNOWN_sub-29134_ses-1_run-1
[227] OK  UNKNOWN_sub-29135_ses-1_run-1
[228] OK  UNKNOWN_sub-29136_ses-1_run-1
[229] OK  UNKNOWN_sub-29137_ses-1_run-1
[230] OK  UNKNOWN_sub-29150_ses-1_run-1
[231] OK  UNKNOWN_sub-29151_ses-1_run-1
[232] OK  UNKNOWN_sub-29152_ses-1_run-1
[233] OK  UNKNOWN_sub-29153_ses-1_run-1
[234] OK  UNKNOWN_sub-29154_ses-1_run-1
[235] OK  UNKNOWN_sub-29155_ses-1_run-1
[236] OK  UNKNOWN_sub-29157_ses-1_run-1
[237] OK  UNKNOWN_sub-29158_ses-1_run-1
[238] OK  UNKNOWN_sub-29161_ses-1_run-1
[239] OK  UNKNOWN_sub-29163_ses-1_run-1
[240] OK  UNKNOWN_sub-29166_ses-1_run-1
[241] OK  UNKNOWN_sub-29169_ses-1_run-1
[242] OK  UNKNOWN_sub-29172_ses-1_run-1
[243] OK  UNKNOWN_sub-29173_ses-1_run-1
[244] OK  UNKNOWN_sub-29176_ses-1_run-1
[245] OK  UNKNOWN_sub-29180_ses-1_run-1
[246] OK  UNKNOWN_sub-29181_ses-1_run-1
[247] OK  UNKNOWN_sub-29183_ses-1_run-1
[248] OK  UNKNOWN_sub-29184_ses-1_run-1
[249] OK  UNKNOWN_sub-29192_ses-1_run-1
[250] OK  UNKNOWN_sub-29195_ses-1_run-1
[251] OK  UNKNOWN_sub-29197_ses-1_run-1
[252] OK  UNKNOWN_sub-29203_ses-1_run-1
[253] OK  UNKNOWN_sub-29207_ses-1_run-1
[254] OK  UNKNOWN_sub-29209_ses-1_run-1
[255] OK  UNKNOWN_sub-29210_ses-1_run-1
[256] OK  UNKNOWN_sub-29213_ses-1_run-1
[257] OK  UNKNOWN_sub-29221_ses-1_run-1
[258] OK  UNKNOWN_sub-29224_ses-1_run-1
[259] OK  UNKNOWN_sub-29228_ses-1_run-1
[260] OK  UNKNOWN_sub-29229_ses-1_run-1
[261] OK  UNKNOWN_sub-29232_ses-1_run-1
[262] OK  UNKNOWN_sub-29236_ses-1_run-1
[263] OK  UNKNOWN_sub-29237_ses-1_run-1
[264] OK  UNKNOWN_sub-29246_ses-1_run-1
[265] OK  UNKNOWN_sub-29247_ses-1_run-1
[266] OK  UNKNOWN_sub-29250_ses-1_run-1
[267] OK  UNKNOWN_sub-29273_ses-1_run-1
[268] OK  UNKNOWN_sub-29275_ses-1_run-1
[269] OK  UNKNOWN_sub-29276_ses-1_run-1
[270] OK  UNKNOWN_sub-29277_ses-1_run-1
[271] OK  UNKNOWN_sub-29278_ses-1_run-1
[272] OK  UNKNOWN_sub-29279_ses-1_run-1
[273] OK  UNKNOWN_sub-29280_ses-1_run-1
[274] OK  UNKNOWN_sub-29281_ses-1_run-1
[275] OK  UNKNOWN_sub-29282_ses-1_run-1
[276] OK  UNKNOWN_sub-29283_ses-1_run-1
[277] OK  UNKNOWN_sub-29284_ses-1_run-1
[278] OK  UNKNOWN_sub-29285_ses-1_run-1
[279] OK  UNKNOWN_sub-29287_ses-1_run-1
[280] OK  UNKNOWN_sub-29288_ses-1_run-1
[281] OK  UNKNOWN_sub-29289_ses-1_run-1
[282] OK  UNKNOWN_sub-29290_ses-1_run-1
[283] OK  UNKNOWN_sub-29291_ses-1_run-1
[284] OK  UNKNOWN_sub-29292_ses-1_run-1
[285] OK  UNKNOWN_sub-29293_ses-1_run-1
[286] OK  UNKNOWN_sub-29294_ses-1_run-1
[287] OK  UNKNOWN_sub-29295_ses-1_run-1
[288] OK  UNKNOWN_sub-29296_ses-1_run-1
[289] OK  UNKNOWN_sub-29297_ses-1_run-1
[290] OK  UNKNOWN_sub-29298_ses-1_run-1
[291] OK  UNKNOWN_sub-29299_ses-1_run-1
[292] OK  UNKNOWN_sub-29300_ses-1_run-1
[293] OK  UNKNOWN_sub-29301_ses-1_run-1
[294] OK  UNKNOWN_sub-29302_ses-1_run-1
[295] OK  UNKNOWN_sub-29304_ses-1_run-1
[296] OK  UNKNOWN_sub-29305_ses-1_run-1
[297] OK  UNKNOWN_sub-29306_ses-1_run-1
[298] OK  UNKNOWN_sub-29307_ses-1_run-1
[299] OK  UNKNOWN_sub-29308_ses-1_run-1
[300] OK  UNKNOWN_sub-29309_ses-1_run-1
[301] OK  UNKNOWN_sub-29310_ses-1_run-1
[302] OK  UNKNOWN_sub-29311_ses-1_run-1
[303] OK  UNKNOWN_sub-29312_ses-1_run-1
[304] OK  UNKNOWN_sub-29313_ses-1_run-1
[305] OK  UNKNOWN_sub-29314_ses-1_run-1
[306] OK  UNKNOWN_sub-29315_ses-1_run-1
[307] OK  UNKNOWN_sub-29316_ses-1_run-1
[308] OK  UNKNOWN_sub-29317_ses-1_run-1
[309] OK  UNKNOWN_sub-29318_ses-1_run-1
[310] OK  UNKNOWN_sub-29319_ses-1_run-1
[311] OK  UNKNOWN_sub-29320_ses-1_run-1
[312] OK  UNKNOWN_sub-29321_ses-1_run-1
[313] OK  UNKNOWN_sub-29322_ses-1_run-1
[314] OK  UNKNOWN_sub-29324_ses-1_run-1
[315] OK  UNKNOWN_sub-29325_ses-1_run-1
[316] OK  UNKNOWN_sub-29326_ses-1_run-1
[317] OK  UNKNOWN_sub-29327_ses-1_run-1
[318] OK  UNKNOWN_sub-29328_ses-1_run-1
[319] OK  UNKNOWN_sub-29329_ses-1_run-1
[320] OK  UNKNOWN_sub-29330_ses-1_run-1
[321] OK  UNKNOWN_sub-29332_ses-1_run-1
[322] OK  UNKNOWN_sub-29333_ses-1_run-1
[323] OK  UNKNOWN_sub-29334_ses-1_run-1
[324] OK  UNKNOWN_sub-29336_ses-1_run-1
[325] OK  UNKNOWN_sub-29337_ses-1_run-1
[326] OK  UNKNOWN_sub-29338_ses-1_run-1
[327] OK  UNKNOWN_sub-29339_ses-1_run-1
[328] OK  UNKNOWN_sub-29340_ses-1_run-1
[329] OK  UNKNOWN_sub-29341_ses-1_run-1
[330] OK  UNKNOWN_sub-29343_ses-1_run-1
[331] OK  UNKNOWN_sub-29344_ses-1_run-1
[332] OK  UNKNOWN_sub-29345_ses-1_run-1
[333] OK  UNKNOWN_sub-29347_ses-1_run-1
[334] OK  UNKNOWN_sub-29348_ses-1_run-1
[335] OK  UNKNOWN_sub-29349_ses-1_run-1
[336] OK  UNKNOWN_sub-29350_ses-1_run-1
[337] OK  UNKNOWN_sub-29351_ses-1_run-1
[338] OK  UNKNOWN_sub-29352_ses-1_run-1
[339] OK  UNKNOWN_sub-29354_ses-1_run-1
[340] OK  UNKNOWN_sub-29355_ses-1_run-1
[341] OK  UNKNOWN_sub-29356_ses-1_run-1
[342] OK  UNKNOWN_sub-29357_ses-1_run-1
[343] OK  UNKNOWN_sub-29358_ses-1_run-1
[344] OK  UNKNOWN_sub-29359_ses-1_run-1
[345] OK  UNKNOWN_sub-29360_ses-1_run-1
[346] OK  UNKNOWN_sub-29361_ses-1_run-1
[347] OK  UNKNOWN_sub-29362_ses-1_run-1
[348] OK  UNKNOWN_sub-29363_ses-1_run-1
[349] OK  UNKNOWN_sub-29364_ses-1_run-1
[350] OK  UNKNOWN_sub-29365_ses-1_run-1
[351] OK  UNKNOWN_sub-29366_ses-1_run-1
[352] OK  UNKNOWN_sub-29367_ses-1_run-1
[353] OK  UNKNOWN_sub-29368_ses-1_run-1
[354] OK  UNKNOWN_sub-29370_ses-1_run-1
[355] OK  UNKNOWN_sub-29371_ses-1_run-1
[356] OK  UNKNOWN_sub-29372_ses-1_run-1
[357] OK  UNKNOWN_sub-29373_ses-1_run-1
[358] OK  UNKNOWN_sub-29375_ses-1_run-1
[359] OK  UNKNOWN_sub-29376_ses-1_run-1
[360] OK  UNKNOWN_sub-29377_ses-1_run-1
[361] OK  UNKNOWN_sub-29378_ses-1_run-1
[362] OK  UNKNOWN_sub-29379_ses-1_run-1
[363] OK  UNKNOWN_sub-29380_ses-1_run-1
[364] OK  UNKNOWN_sub-29381_ses-1_run-1
[365] OK  UNKNOWN_sub-29382_ses-1_run-1
[366] OK  UNKNOWN_sub-29383_ses-1_run-1
[367] OK  UNKNOWN_sub-29384_ses-1_run-1
[368] OK  UNKNOWN_sub-29385_ses-1_run-1
[369] OK  UNKNOWN_sub-29386_ses-1_run-1
[370] OK  UNKNOWN_sub-29387_ses-1_run-1
[371] OK  UNKNOWN_sub-29389_ses-1_run-1
[372] OK  UNKNOWN_sub-29390_ses-1_run-1
[373] OK  UNKNOWN_sub-29391_ses-1_run-1
[374] OK  UNKNOWN_sub-29392_ses-1_run-1
[375] OK  UNKNOWN_sub-29393_ses-1_run-1
[376] OK  UNKNOWN_sub-29394_ses-1_run-1
[377] OK  UNKNOWN_sub-29396_ses-1_run-1
[378] OK  UNKNOWN_sub-29397_ses-1_run-1
[379] OK  UNKNOWN_sub-29399_ses-1_run-1
[380] OK  UNKNOWN_sub-29400_ses-1_run-1
[381] OK  UNKNOWN_sub-29401_ses-1_run-1
[382] OK  UNKNOWN_sub-29403_ses-1_run-1
[383] OK  UNKNOWN_sub-29404_ses-1_run-1
[384] OK  UNKNOWN_sub-29405_ses-1_run-1
[385] OK  UNKNOWN_sub-29407_ses-1_run-1
[386] OK  UNKNOWN_sub-29408_ses-1_run-1
[387] OK  UNKNOWN_sub-29409_ses-1_run-1
[388] OK  UNKNOWN_sub-29410_ses-1_run-1
[389] OK  UNKNOWN_sub-29411_ses-1_run-1
[390] OK  UNKNOWN_sub-29412_ses-1_run-1
[391] OK  UNKNOWN_sub-29413_ses-1_run-1
[392] OK  UNKNOWN_sub-29414_ses-1_run-1
[393] OK  UNKNOWN_sub-29415_ses-1_run-1
[394] OK  UNKNOWN_sub-29416_ses-1_run-1
[395] OK  UNKNOWN_sub-29417_ses-1_run-1
[396] OK  UNKNOWN_sub-29418_ses-1_run-1
[397] OK  UNKNOWN_sub-29419_ses-1_run-1
[398] OK  UNKNOWN_sub-29420_ses-1_run-1
[399] OK  UNKNOWN_sub-29421_ses-1_run-1
[400] OK  UNKNOWN_sub-29422_ses-1_run-1
[401] OK  UNKNOWN_sub-29423_ses-1_run-1
[402] OK  UNKNOWN_sub-29424_ses-1_run-1
[403] OK  UNKNOWN_sub-29425_ses-1_run-1
[404] OK  UNKNOWN_sub-29427_ses-1_run-1
[405] OK  UNKNOWN_sub-29428_ses-1_run-1
[406] OK  UNKNOWN_sub-29429_ses-1_run-1
[407] OK  UNKNOWN_sub-29430_ses-1_run-1
[408] OK  UNKNOWN_sub-29431_ses-1_run-1
[409] OK  UNKNOWN_sub-29432_ses-1_run-1
[410] OK  UNKNOWN_sub-29434_ses-1_run-1
[411] OK  UNKNOWN_sub-29435_ses-1_run-1
[412] OK  UNKNOWN_sub-29436_ses-1_run-1
[413] OK  UNKNOWN_sub-29437_ses-1_run-1
[414] OK  UNKNOWN_sub-29438_ses-1_run-1
[415] OK  UNKNOWN_sub-29439_ses-1_run-1
[416] OK  UNKNOWN_sub-29441_ses-1_run-1
[417] OK  UNKNOWN_sub-29442_ses-1_run-1
[418] OK  UNKNOWN_sub-29443_ses-1_run-1
[419] OK  UNKNOWN_sub-29444_ses-1_run-1
[420] OK  UNKNOWN_sub-29445_ses-1_run-1
[421] OK  UNKNOWN_sub-29446_ses-1_run-1
[422] OK  UNKNOWN_sub-29447_ses-1_run-1
[423] OK  UNKNOWN_sub-29448_ses-1_run-1
[424] OK  UNKNOWN_sub-29449_ses-1_run-1
[425] OK  UNKNOWN_sub-29450_ses-1_run-1
[426] OK  UNKNOWN_sub-29451_ses-1_run-1
[427] OK  UNKNOWN_sub-29453_ses-1_run-1
[428] OK  UNKNOWN_sub-29454_ses-1_run-1
[429] OK  UNKNOWN_sub-29455_ses-1_run-1
[430] OK  UNKNOWN_sub-29456_ses-1_run-1
[431] OK  UNKNOWN_sub-29457_ses-1_run-1
[432] OK  UNKNOWN_sub-29458_ses-1_run-1
[433] OK  UNKNOWN_sub-29459_ses-1_run-1
[434] OK  UNKNOWN_sub-29460_ses-1_run-1
[435] OK  UNKNOWN_sub-29461_ses-1_run-1
[436] OK  UNKNOWN_sub-29462_ses-1_run-1
[437] OK  UNKNOWN_sub-29463_ses-1_run-1
[438] OK  UNKNOWN_sub-29464_ses-1_run-1
[439] OK  UNKNOWN_sub-29465_ses-1_run-1
[440] OK  UNKNOWN_sub-29466_ses-1_run-1
[441] OK  UNKNOWN_sub-29467_ses-1_run-1
[442] OK  UNKNOWN_sub-29468_ses-1_run-1
[443] OK  UNKNOWN_sub-29469_ses-1_run-1
[444] OK  UNKNOWN_sub-29470_ses-1_run-1
[445] OK  UNKNOWN_sub-29471_ses-1_run-1
[446] OK  UNKNOWN_sub-29472_ses-1_run-1
[447] OK  UNKNOWN_sub-29473_ses-1_run-1
[448] OK  UNKNOWN_sub-29474_ses-1_run-1
[449] OK  UNKNOWN_sub-29475_ses-1_run-1
[450] OK  UNKNOWN_sub-29476_ses-1_run-1
[451] OK  UNKNOWN_sub-29477_ses-1_run-1
[452] OK  UNKNOWN_sub-29478_ses-1_run-1
[453] OK  UNKNOWN_sub-29479_ses-1_run-1
[454] OK  UNKNOWN_sub-29480_ses-1_run-1
[455] OK  UNKNOWN_sub-29481_ses-1_run-1
[456] OK  UNKNOWN_sub-29482_ses-1_run-1
[457] OK  UNKNOWN_sub-29483_ses-1_run-1
[458] OK  UNKNOWN_sub-29484_ses-1_run-1
[459] OK  UNKNOWN_sub-29485_ses-1_run-1
[460] OK  UNKNOWN_sub-29504_ses-1_run-1
[461] OK  UNKNOWN_sub-29580_ses-1_run-1
[462] OK  UNKNOWN_sub-29580_ses-1_run-2
[463] OK  UNKNOWN_sub-29580_ses-1_run-3
[464] OK  UNKNOWN_sub-29581_ses-1_run-1
[465] OK  UNKNOWN_sub-29581_ses-1_run-2
[466] OK  UNKNOWN_sub-29581_ses-1_run-3
[467] OK  UNKNOWN_sub-29582_ses-1_run-1
[468] OK  UNKNOWN_sub-29582_ses-1_run-2
[469] OK  UNKNOWN_sub-29583_ses-1_run-1
[470] OK  UNKNOWN_sub-29583_ses-1_run-2
[471] OK  UNKNOWN_sub-29583_ses-1_run-3
[472] OK  UNKNOWN_sub-29584_ses-1_run-1
[473] OK  UNKNOWN_sub-29584_ses-1_run-2
[474] OK  UNKNOWN_sub-29584_ses-1_run-3
[475] OK  UNKNOWN_sub-29585_ses-1_run-1
[476] OK  UNKNOWN_sub-29585_ses-1_run-2
[477] OK  UNKNOWN_sub-29585_ses-1_run-3
[478] OK  UNKNOWN_sub-29587_ses-1_run-1
[479] OK  UNKNOWN_sub-29587_ses-1_run-2
[480] OK  UNKNOWN_sub-29587_ses-1_run-3
[481] OK  UNKNOWN_sub-29588_ses-1_run-1
[482] OK  UNKNOWN_sub-29588_ses-1_run-2
[483] OK  UNKNOWN_sub-29588_ses-1_run-3
[484] OK  UNKNOWN_sub-29589_ses-1_run-1
[486] OK  UNKNOWN_sub-29589_ses-1_run-3
[487] OK  UNKNOWN_sub-29590_ses-1_run-1
[488] OK  UNKNOWN_sub-29590_ses-1_run-2
[489] OK  UNKNOWN_sub-29590_ses-1_run-3
[490] OK  UNKNOWN_sub-29591_ses-1_run-1
[491] OK  UNKNOWN_sub-29591_ses-1_run-2
[492] OK  UNKNOWN_sub-29591_ses-1_run-3
[493] OK  UNKNOWN_sub-29592_ses-1_run-1
[494] OK  UNKNOWN_sub-29592_ses-1_run-2
[495] OK  UNKNOWN_sub-29592_ses-1_run-3
[496] OK  UNKNOWN_sub-29593_ses-1_run-1
[497] OK  UNKNOWN_sub-29593_ses-1_run-2
[498] OK  UNKNOWN_sub-29593_ses-1_run-3
[499] OK  UNKNOWN_sub-29594_ses-1_run-1
[500] OK  UNKNOWN_sub-29594_ses-1_run-2
[501] OK  UNKNOWN_sub-29594_ses-1_run-3
[502] OK  UNKNOWN_sub-29595_ses-1_run-1
[503] OK  UNKNOWN_sub-29595_ses-1_run-2
[504] OK  UNKNOWN_sub-29595_ses-1_run-3
[505] OK  UNKNOWN_sub-29596_ses-1_run-1
[506] OK  UNKNOWN_sub-29596_ses-1_run-2
[507] OK  UNKNOWN_sub-29596_ses-1_run-3
[508] OK  UNKNOWN_sub-29596_ses-1_run-4
[509] OK  UNKNOWN_sub-29597_ses-1_run-1
[510] OK  UNKNOWN_sub-29597_ses-1_run-2
[511] OK  UNKNOWN_sub-29597_ses-1_run-3
[512] OK  UNKNOWN_sub-29598_ses-1_run-1
[513] OK  UNKNOWN_sub-29598_ses-1_run-2
[514] OK  UNKNOWN_sub-29598_ses-1_run-3
[515] OK  UNKNOWN_sub-29600_ses-1_run-1
[516] OK  UNKNOWN_sub-29600_ses-1_run-2
[517] OK  UNKNOWN_sub-29600_ses-1_run-3
[518] OK  UNKNOWN_sub-29601_ses-1_run-1
[519] OK  UNKNOWN_sub-29601_ses-1_run-2
[520] OK  UNKNOWN_sub-29601_ses-1_run-3
[521] OK  UNKNOWN_sub-29602_ses-1_run-1
[522] OK  UNKNOWN_sub-29602_ses-1_run-2
[523] OK  UNKNOWN_sub-29602_ses-1_run-3
[524] OK  UNKNOWN_sub-29603_ses-1_run-1
[525] OK  UNKNOWN_sub-29603_ses-1_run-2
[526] OK  UNKNOWN_sub-29603_ses-1_run-3
[527] OK  UNKNOWN_sub-29604_ses-1_run-1
[528] OK  UNKNOWN_sub-29604_ses-1_run-2
[529] OK  UNKNOWN_sub-29604_ses-1_run-3
[530] OK  UNKNOWN_sub-29605_ses-1_run-1
[531] OK  UNKNOWN_sub-29605_ses-1_run-2
[532] OK  UNKNOWN_sub-29605_ses-1_run-3
[533] OK  UNKNOWN_sub-29606_ses-1_run-1
[534] OK  UNKNOWN_sub-29606_ses-1_run-2
[535] OK  UNKNOWN_sub-29607_ses-1_run-1
[536] OK  UNKNOWN_sub-29607_ses-1_run-2
[537] OK  UNKNOWN_sub-29607_ses-1_run-3
[538] OK  UNKNOWN_sub-29608_ses-1_run-1
[539] OK  UNKNOWN_sub-29608_ses-1_run-2
[540] OK  UNKNOWN_sub-29608_ses-1_run-3
[541] OK  UNKNOWN_sub-29609_ses-1_run-1
[542] OK  UNKNOWN_sub-29609_ses-1_run-2
[543] OK  UNKNOWN_sub-29610_ses-1_run-1
[544] OK  UNKNOWN_sub-29610_ses-1_run-2
[545] OK  UNKNOWN_sub-29610_ses-1_run-3
[546] OK  UNKNOWN_sub-29611_ses-1_run-1
[547] OK  UNKNOWN_sub-29611_ses-1_run-2
[548] OK  UNKNOWN_sub-29611_ses-1_run-3
[549] OK  UNKNOWN_sub-29612_ses-1_run-1
[550] OK  UNKNOWN_sub-29612_ses-1_run-2
[551] OK  UNKNOWN_sub-29612_ses-1_run-3
[552] OK  UNKNOWN_sub-29613_ses-1_run-1
[553] OK  UNKNOWN_sub-29613_ses-1_run-2
[554] OK  UNKNOWN_sub-29613_ses-1_run-3
[555] OK  UNKNOWN_sub-29614_ses-1_run-1
[556] OK  UNKNOWN_sub-29614_ses-1_run-2
[557] OK  UNKNOWN_sub-29614_ses-1_run-3
[558] OK  UNKNOWN_sub-29618_ses-1_run-1
[559] OK  UNKNOWN_sub-29618_ses-1_run-2
[560] OK  UNKNOWN_sub-29618_ses-1_run-3
[561] OK  UNKNOWN_sub-29619_ses-1_run-1
[562] OK  UNKNOWN_sub-29619_ses-1_run-2
[563] OK  UNKNOWN_sub-29619_ses-1_run-3
[564] OK  UNKNOWN_sub-29620_ses-1_run-1
[565] OK  UNKNOWN_sub-29620_ses-1_run-2
[566] OK  UNKNOWN_sub-29620_ses-1_run-3
[567] OK  UNKNOWN_sub-29621_ses-1_run-1
[568] OK  UNKNOWN_sub-29621_ses-1_run-2
[569] OK  UNKNOWN_sub-29621_ses-1_run-3
[570] OK  UNKNOWN_sub-29623_ses-1_run-1
[571] OK  UNKNOWN_sub-29623_ses-1_run-2
[572] OK  UNKNOWN_sub-29623_ses-1_run-3
[573] OK  UNKNOWN_sub-29624_ses-1_run-1
[574] OK  UNKNOWN_sub-29624_ses-1_run-2
[575] OK  UNKNOWN_sub-29624_ses-1_run-3
[576] OK  UNKNOWN_sub-29625_ses-1_run-1
[577] OK  UNKNOWN_sub-29625_ses-1_run-2
[578] OK  UNKNOWN_sub-29625_ses-1_run-3
[579] OK  UNKNOWN_sub-29627_ses-1_run-1
[580] OK  UNKNOWN_sub-29627_ses-1_run-2
[581] OK  UNKNOWN_sub-29627_ses-1_run-3
[582] OK  UNKNOWN_sub-29628_ses-1_run-1
[583] OK  UNKNOWN_sub-29628_ses-1_run-2
[584] OK  UNKNOWN_sub-29628_ses-1_run-3
[585] OK  UNKNOWN_sub-29629_ses-1_run-1
[586] OK  UNKNOWN_sub-29629_ses-1_run-2
[587] OK  UNKNOWN_sub-29629_ses-1_run-3
[588] OK  UNKNOWN_sub-29631_ses-1_run-1
[589] OK  UNKNOWN_sub-29631_ses-1_run-2
[590] OK  UNKNOWN_sub-29631_ses-1_run-3
[591] OK  UNKNOWN_sub-29632_ses-1_run-1
[592] OK  UNKNOWN_sub-29632_ses-1_run-2
[593] OK  UNKNOWN_sub-29632_ses-1_run-3
[594] OK  UNKNOWN_sub-29633_ses-1_run-1
[595] OK  UNKNOWN_sub-29633_ses-1_run-2
[596] OK  UNKNOWN_sub-29633_ses-1_run-3
[597] OK  UNKNOWN_sub-29634_ses-1_run-1
[598] OK  UNKNOWN_sub-29634_ses-1_run-2
[599] OK  UNKNOWN_sub-29634_ses-1_run-3
[600] OK  UNKNOWN_sub-29656_ses-1_run-1
[601] OK  UNKNOWN_sub-29657_ses-1_run-1
[602] OK  UNKNOWN_sub-29658_ses-1_run-1
[603] OK  UNKNOWN_sub-29659_ses-1_run-1
[604] OK  UNKNOWN_sub-29660_ses-1_run-1
[605] OK  UNKNOWN_sub-29661_ses-1_run-1
[606] OK  UNKNOWN_sub-29662_ses-1_run-1
[607] OK  UNKNOWN_sub-29664_ses-1_run-1
[608] OK  UNKNOWN_sub-29665_ses-1_run-1
[609] OK  UNKNOWN_sub-29666_ses-1_run-1
[610] OK  UNKNOWN_sub-29667_ses-1_run-1
[611] OK  UNKNOWN_sub-29668_ses-1_run-1
[612] OK  UNKNOWN_sub-29669_ses-1_run-1
[613] OK  UNKNOWN_sub-29670_ses-1_run-1
[614] OK  UNKNOWN_sub-29671_ses-1_run-1
[615] OK  UNKNOWN_sub-29675_ses-1_run-1
[616] OK  UNKNOWN_sub-29676_ses-1_run-1
[617] OK  UNKNOWN_sub-29677_ses-1_run-1
[618] OK  UNKNOWN_sub-29678_ses-1_run-1
[619] OK  UNKNOWN_sub-29679_ses-1_run-1
[620] OK  UNKNOWN_sub-29728_ses-1_run-1
[621] OK  UNKNOWN_sub-29730_ses-1_run-1
[622] OK  UNKNOWN_sub-29732_ses-1_run-1
[623] OK  UNKNOWN_sub-29734_ses-1_run-1
[624] OK  UNKNOWN_sub-29736_ses-1_run-1
[625] OK  UNKNOWN_sub-29737_ses-1_run-1
[626] OK  UNKNOWN_sub-29740_ses-1_run-1
[627] OK  UNKNOWN_sub-29743_ses-1_run-1
[628] OK  UNKNOWN_sub-29746_ses-1_run-1
[629] OK  UNKNOWN_sub-29749_ses-1_run-1
[630] OK  UNKNOWN_sub-29750_ses-1_run-1
[631] OK  UNKNOWN_sub-29751_ses-1_run-1
[632] OK  UNKNOWN_sub-29755_ses-1_run-1
[633] OK  UNKNOWN_sub-29758_ses-1_run-1
[634] OK  UNKNOWN_sub-29794_ses-1_run-1
[635] OK  UNKNOWN_sub-29796_ses-1_run-1
[636] OK  UNKNOWN_sub-29797_ses-1_run-1
[637] OK  UNKNOWN_sub-29798_ses-1_run-1
[638] OK  UNKNOWN_sub-29864_ses-1_run-1
[639] OK  UNKNOWN_sub-29865_ses-1_run-1
[640] OK  UNKNOWN_sub-29867_ses-1_run-1
[641] OK  UNKNOWN_sub-29868_ses-1_run-1
[642] OK  UNKNOWN_sub-29869_ses-1_run-1
[643] OK  UNKNOWN_sub-29870_ses-1_run-1
[644] OK  UNKNOWN_sub-29871_ses-1_run-1
[645] OK  UNKNOWN_sub-29874_ses-1_run-1
[646] OK  UNKNOWN_sub-29876_ses-1_run-1
[647] OK  UNKNOWN_sub-29877_ses-1_run-1
[648] OK  UNKNOWN_sub-29878_ses-1_run-1
[649] OK  UNKNOWN_sub-29879_ses-1_run-1
[650] OK  UNKNOWN_sub-29881_ses-1_run-1
[651] OK  UNKNOWN_sub-29882_ses-1_run-1
[652] OK  UNKNOWN_sub-29883_ses-1_run-1
[653] OK  UNKNOWN_sub-29884_ses-1_run-1
[654] OK  UNKNOWN_sub-29885_ses-1_run-1
[655] OK  UNKNOWN_sub-29886_ses-1_run-1
[656] OK  UNKNOWN_sub-29887_ses-1_run-1
[657] OK  UNKNOWN_sub-29888_ses-1_run-1
[658] OK  UNKNOWN_sub-29889_ses-1_run-1
[659] OK  UNKNOWN_sub-29892_ses-1_run-1
[660] OK  UNKNOWN_sub-29896_ses-1_run-1
[661] OK  UNKNOWN_sub-29897_ses-1_run-1
[662] OK  UNKNOWN_sub-29898_ses-1_run-1
[663] OK  UNKNOWN_sub-29899_ses-1_run-1
[664] OK  UNKNOWN_sub-29900_ses-1_run-1
[665] OK  UNKNOWN_sub-29902_ses-1_run-1
[666] OK  UNKNOWN_sub-29903_ses-1_run-1
[667] OK  UNKNOWN_sub-29904_ses-1_run-1
[668] OK  UNKNOWN_sub-29905_ses-1_run-1
[669] OK  UNKNOWN_sub-29906_ses-1_run-1
[670] OK  UNKNOWN_sub-29907_ses-1_run-1
[671] OK  UNKNOWN_sub-29908_ses-1_run-1
[672] OK  UNKNOWN_sub-29910_ses-1_run-1
[673] OK  UNKNOWN_sub-29911_ses-1_run-1
[674] OK  UNKNOWN_sub-29912_ses-1_run-1
[675] OK  UNKNOWN_sub-29913_ses-1_run-1
[676] OK  UNKNOWN_sub-29914_ses-1_run-1
[677] OK  UNKNOWN_sub-29916_ses-1_run-1
[678] OK  UNKNOWN_sub-29999_ses-1_run-1
[679] OK  UNKNOWN_sub-30000_ses-1_run-1
[680] OK  UNKNOWN_sub-30001_ses-1_run-1
[681] OK  UNKNOWN_sub-30002_ses-1_run-1
[682] OK  UNKNOWN_sub-30003_ses-1_run-1
[683] OK  UNKNOWN_sub-30004_ses-1_run-1
[684] OK  UNKNOWN_sub-30005_ses-1_run-1
[685] OK  UNKNOWN_sub-30006_ses-1_run-1
[686] OK  UNKNOWN_sub-30007_ses-1_run-1
[687] OK  UNKNOWN_sub-30008_ses-1_run-1
[688] OK  UNKNOWN_sub-30010_ses-1_run-1
[689] OK  UNKNOWN_sub-30011_ses-1_run-1
[690] OK  UNKNOWN_sub-30012_ses-1_run-1
[691] OK  UNKNOWN_sub-30013_ses-1_run-1
[692] OK  UNKNOWN_sub-30015_ses-1_run-1
[693] OK  UNKNOWN_sub-30017_ses-1_run-1
[694] OK  UNKNOWN_sub-30018_ses-1_run-1
[695] OK  UNKNOWN_sub-30019_ses-1_run-1
[696] OK  UNKNOWN_sub-30021_ses-1_run-1
[697] OK  UNKNOWN_sub-30022_ses-1_run-1
[698] OK  UNKNOWN_sub-30023_ses-1_run-1
[699] OK  UNKNOWN_sub-30024_ses-1_run-1
[700] OK  UNKNOWN_sub-30026_ses-1_run-1
[701] OK  UNKNOWN_sub-30027_ses-1_run-1
[702] OK  UNKNOWN_sub-30028_ses-1_run-1
[703] OK  UNKNOWN_sub-30146_ses-1_run-1
[704] OK  UNKNOWN_sub-30154_ses-1_run-1
[705] OK  UNKNOWN_sub-30154_ses-1_run-2
[706] OK  UNKNOWN_sub-30154_ses-1_run-3
[707] OK  UNKNOWN_sub-30156_ses-1_run-1
[708] OK  UNKNOWN_sub-30156_ses-1_run-2
[709] OK  UNKNOWN_sub-30156_ses-1_run-3
[710] OK  UNKNOWN_sub-30158_ses-1_run-1
[711] OK  UNKNOWN_sub-30158_ses-1_run-2
[712] OK  UNKNOWN_sub-30158_ses-1_run-3
[713] OK  UNKNOWN_sub-30160_ses-1_run-1
[714] OK  UNKNOWN_sub-30160_ses-1_run-2
[715] OK  UNKNOWN_sub-30160_ses-1_run-3
[716] OK  UNKNOWN_sub-30161_ses-1_run-1
[717] OK  UNKNOWN_sub-30161_ses-1_run-2
[718] OK  UNKNOWN_sub-30161_ses-1_run-3
[719] OK  UNKNOWN_sub-30163_ses-1_run-1
[720] OK  UNKNOWN_sub-30163_ses-1_run-2
[721] OK  UNKNOWN_sub-30163_ses-1_run-3
[722] OK  UNKNOWN_sub-30164_ses-1_run-1
[723] OK  UNKNOWN_sub-30164_ses-1_run-2
[724] OK  UNKNOWN_sub-30164_ses-1_run-3
[725] OK  UNKNOWN_sub-30165_ses-1_run-1
[726] OK  UNKNOWN_sub-30165_ses-1_run-2
[727] OK  UNKNOWN_sub-30165_ses-1_run-3
[728] OK  UNKNOWN_sub-30167_ses-1_run-1
[729] OK  UNKNOWN_sub-30167_ses-1_run-2
[730] OK  UNKNOWN_sub-30167_ses-1_run-3
[731] OK  PITT_sub-50002_ses-1_run-1
[732] OK  PITT_sub-50002_ses-2_run-1
[733] OK  PITT_sub-50005_ses-1_run-1
[734] OK  PITT_sub-50005_ses-2_run-1
[735] OK  PITT_sub-50006_ses-1_run-1
[736] OK  PITT_sub-50006_ses-2_run-1
[737] OK  PITT_sub-50007_ses-1_run-1
[738] OK  PITT_sub-50007_ses-2_run-1
[739] OK  PITT_sub-50013_ses-1_run-1
[740] OK  PITT_sub-50013_ses-2_run-1
[741] OK  PITT_sub-50026_ses-1_run-1
[742] OK  PITT_sub-50026_ses-2_run-1
[743] OK  PITT_sub-50027_ses-1_run-1
[744] OK  PITT_sub-50027_ses-2_run-1
[745] OK  PITT_sub-50028_ses-1_run-1
[746] OK  PITT_sub-50028_ses-2_run-1
[747] OK  PITT_sub-50029_ses-1_run-1
[748] OK  PITT_sub-50029_ses-2_run-1
[749] OK  PITT_sub-50031_ses-1_run-1
[750] OK  PITT_sub-50031_ses-2_run-1
[751] OK  PITT_sub-50035_ses-1_run-1
[752] OK  PITT_sub-50035_ses-2_run-1
[753] OK  PITT_sub-50038_ses-1_run-1
[754] OK  PITT_sub-50038_ses-2_run-1
[755] OK  PITT_sub-50047_ses-1_run-1
[756] OK  PITT_sub-50047_ses-2_run-1
[757] OK  PITT_sub-50048_ses-1_run-1
[758] OK  PITT_sub-50048_ses-2_run-1
[759] OK  PITT_sub-50049_ses-1_run-1
[760] OK  PITT_sub-50049_ses-2_run-1
[761] OK  PITT_sub-50050_ses-1_run-1
[762] OK  PITT_sub-50050_ses-2_run-1
[763] OK  PITT_sub-50051_ses-1_run-1
[764] OK  PITT_sub-50051_ses-2_run-1
[765] OK  UCLA_1_sub-51270_ses-1_run-1
[766] OK  UCLA_1_sub-51270_ses-2_run-1
[767] OK  UCLA_2_sub-51292_ses-1_run-1
[768] OK  UCLA_2_sub-51292_ses-2_run-1
[773] OK  UCLA_2_sub-51312_ses-1_run-1
[774] OK  UCLA_2_sub-51312_ses-2_run-1
[775] OK  UCLA_2_sub-51313_ses-1_run-1
[776] OK  UCLA_2_sub-51313_ses-2_run-1
[777] OK  UCLA_2_sub-51315_ses-1_run-1
[778] OK  UCLA_2_sub-51315_ses-2_run-1
Wrote index: /work/ioannou_lab/elizabeth.szentmiklo/abide_data/derivatives/fmriprep/localized_abide2_index.csv
